
AzureAD+SPSSE02MEN@DESKTOP-S95K8U0 MINGW64 /d/PYTHON DJANGO HOPES/github_cv_Mario_HTML1
$ git init
Initialized empty Git repository in D:/PYTHON DJANGO HOPES/github_cv_Mario_HTML1
/.git/

AzureAD+SPSSE02MEN@DESKTOP-S95K8U0 MINGW64 /d/PYTHON DJANGO HOPES/github_cv_Mario_HTML1 (master)
$ git clone https://github.com/Mariogit20/cv_Mario_HTML1.git
Cloning into 'cv_Mario_HTML1'...
remote: Enumerating objects: 3, done.
remote: Counting objects: 100% (3/3), done.
remote: Compressing objects: 100% (2/2), done.
remote: Total 3 (delta 0), reused 0 (delta 0), pack-reused 0 (from 0)
Receiving objects: 100% (3/3), done.

AzureAD+SPSSE02MEN@DESKTOP-S95K8U0 MINGW64 /d/PYTHON DJANGO HOPES/github_cv_Mario_HTML1 (master)
$ cd cv_Mario_HTML1

AzureAD+SPSSE02MEN@DESKTOP-S95K8U0 MINGW64 /d/PYTHON DJANGO HOPES/github_cv_Mario_HTML1/cv_Mario_HTML1 (main)
$ git add *

AzureAD+SPSSE02MEN@DESKTOP-S95K8U0 MINGW64 /d/PYTHON DJANGO HOPES/github_cv_Mario_HTML1/cv_Mario_HTML1 (main)
$ git commit -m "first commit"
On branch main
Your branch is up to date with 'origin/main'.

nothing to commit, working tree clean

AzureAD+SPSSE02MEN@DESKTOP-S95K8U0 MINGW64 /d/PYTHON DJANGO HOPES/github_cv_Mario_HTML1/cv_Mario_HTML1 (main)
$ git push
Everything up-to-date

AzureAD+SPSSE02MEN@DESKTOP-S95K8U0 MINGW64 /d/PYTHON DJANGO HOPES/github_cv_Mario_HTML1/cv_Mario_HTML1 (main)
$ git add *
warning: in the working copy of 'index.html', LF will be replaced by CRLF the ne
xt time Git touches it

AzureAD+SPSSE02MEN@DESKTOP-S95K8U0 MINGW64 /d/PYTHON DJANGO HOPES/github_cv_Mario_HTML1/cv_Mario_HTML1 (main)
$ git commit -m "second commit"
[main bd682f0] second commit
 19 files changed, 5208 insertions(+)
 create mode 100644 TransportRoutier_Main.html
 create mode 100644 Tuto_Deploiement_FRONTEND_en_GITHUB.txt
 create mode 100644 diapo_Javascript_Page1.html
 create mode 100644 image/Mario.JPG
 create mode 100644 image/camion-benne.JPG
 create mode 100644 image/camion-citerne.JPG
 create mode 100644 image/camion-routier.JPG
 create mode 100644 image/camion_fourgon.JPG
 create mode 100644 image/camion_frigorifique.JPG
 create mode 100644 image/camion_plateau.JPG
 create mode 100644 image/camion_porte-char.JPG
 create mode 100644 image/camion_semi-remorque.JPG
 create mode 100644 image/camion_tautliner.JPG
 create mode 100644 image/chicago.jpg
 create mode 100644 image/image_Terre.jpg
 create mode 100644 image/img_lights_wide.jpg
 create mode 100644 image/img_mountains_wide.jpg
 create mode 100644 image/img_snow_wide.jpg
 create mode 100644 index.html

AzureAD+SPSSE02MEN@DESKTOP-S95K8U0 MINGW64 /d/PYTHON DJANGO HOPES/github_cv_Mario_HTML1/cv_Mario_HTML1 (main)
$ git config --global http.postBuffer 2048576000

AzureAD+SPSSE02MEN@DESKTOP-S95K8U0 MINGW64 /d/PYTHON DJANGO HOPES/github_cv_Mario_HTML1/cv_Mario_HTML1 (main)
$ git push
Enumerating objects: 23, done.
Counting objects: 100% (23/23), done.
Delta compression using up to 4 threads
Compressing objects: 100% (22/22), done.
Writing objects: 100% (22/22), 657.13 KiB | 10.95 MiB/s, done.
Total 22 (delta 1), reused 0 (delta 0), pack-reused 0 (from 0)
remote: Resolving deltas: 100% (1/1), done.
To https://github.com/Mariogit20/cv_Mario_HTML1.git
   dc201ba..bd682f0  main -> main

AzureAD+SPSSE02MEN@DESKTOP-S95K8U0 MINGW64 /d/PYTHON DJANGO HOPES/github_cv_Mario_HTML1/cv_Mario_HTML1 (main)
$ git add .

AzureAD+SPSSE02MEN@DESKTOP-S95K8U0 MINGW64 /d/PYTHON DJANGO HOPES/github_cv_Mario_HTML1/cv_Mario_HTML1 (main)
$ git commit -m "third commit"
[main b56435a] third commit
 1 file changed, 4 insertions(+)
 create mode 100644 .gitignore

AzureAD+SPSSE02MEN@DESKTOP-S95K8U0 MINGW64 /d/PYTHON DJANGO HOPES/github_cv_Mario_HTML1/cv_Mario_HTML1 (main)
$ git push
Enumerating objects: 4, done.
Counting objects: 100% (4/4), done.
Delta compression using up to 4 threads
Compressing objects: 100% (2/2), done.
Writing objects: 100% (3/3), 307 bytes | 307.00 KiB/s, done.
Total 3 (delta 1), reused 0 (delta 0), pack-reused 0 (from 0)
remote: Resolving deltas: 100% (1/1), completed with 1 local object.
To https://github.com/Mariogit20/cv_Mario_HTML1.git
   bd682f0..b56435a  main -> main

AzureAD+SPSSE02MEN@DESKTOP-S95K8U0 MINGW64 /d/PYTHON DJANGO HOPES/github_cv_Mario_HTML1/cv_Mario_HTML1 (main)
$ git add .gitignore

AzureAD+SPSSE02MEN@DESKTOP-S95K8U0 MINGW64 /d/PYTHON DJANGO HOPES/github_cv_Mario_HTML1/cv_Mario_HTML1 (main)
$ git commit -m "fourth commit"
On branch main
Your branch is up to date with 'origin/main'.

nothing to commit, working tree clean

AzureAD+SPSSE02MEN@DESKTOP-S95K8U0 MINGW64 /d/PYTHON DJANGO HOPES/github_cv_Mario_HTML1/cv_Mario_HTML1 (main)
$ git push
Everything up-to-date

AzureAD+SPSSE02MEN@DESKTOP-S95K8U0 MINGW64 /d/PYTHON DJANGO HOPES/github_cv_Mario_HTML1/cv_Mario_HTML1 (main)
$ git add .

AzureAD+SPSSE02MEN@DESKTOP-S95K8U0 MINGW64 /d/PYTHON DJANGO HOPES/github_cv_Mario_HTML1/cv_Mario_HTML1 (main)
$ git commit -m "fifth commit"
[main 858deb0] fifth commit
 1 file changed, 1 insertion(+)
 create mode 100644 CNAME

AzureAD+SPSSE02MEN@DESKTOP-S95K8U0 MINGW64 /d/PYTHON DJANGO HOPES/github_cv_Mario_HTML1/cv_Mario_HTML1 (main)
$ git config --global http.postBuffer 2048576000

AzureAD+SPSSE02MEN@DESKTOP-S95K8U0 MINGW64 /d/PYTHON DJANGO HOPES/github_cv_Mario_HTML1/cv_Mario_HTML1 (main)
$ git push
Enumerating objects: 4, done.
Counting objects: 100% (4/4), done.
Delta compression using up to 4 threads
Compressing objects: 100% (2/2), done.
Writing objects: 100% (3/3), 306 bytes | 306.00 KiB/s, done.
Total 3 (delta 1), reused 0 (delta 0), pack-reused 0 (from 0)
remote: Resolving deltas: 100% (1/1), completed with 1 local object.
To https://github.com/Mariogit20/cv_Mario_HTML1.git
   b56435a..858deb0  main -> main

AzureAD+SPSSE02MEN@DESKTOP-S95K8U0 MINGW64 /d/PYTHON DJANGO HOPES/github_cv_Mario_HTML1/cv_Mario_HTML1 (main)
$ ^C

AzureAD+SPSSE02MEN@DESKTOP-S95K8U0 MINGW64 /d/PYTHON DJANGO HOPES/github_cv_Mario_HTML1/cv_Mario_HTML1 (main)
$ git add .

AzureAD+SPSSE02MEN@DESKTOP-S95K8U0 MINGW64 /d/PYTHON DJANGO HOPES/github_cv_Mario_HTML1/cv_Mario_HTML1 (main)
$ git commit -m "sixth commit"
[main 44b145d] sixth commit
 1 file changed, 137 insertions(+)
 create mode 100644 SAUVEGARDE github.txt

AzureAD+SPSSE02MEN@DESKTOP-S95K8U0 MINGW64 /d/PYTHON DJANGO HOPES/github_cv_Mario_HTML1/cv_Mario_HTML1 (main)
$ git push
Enumerating objects: 4, done.
Counting objects: 100% (4/4), done.
Delta compression using up to 4 threads
Compressing objects: 100% (3/3), done.
Writing objects: 100% (3/3), 1.35 KiB | 1.35 MiB/s, done.
Total 3 (delta 1), reused 0 (delta 0), pack-reused 0 (from 0)
remote: Resolving deltas: 100% (1/1), completed with 1 local object.
To https://github.com/Mariogit20/cv_Mario_HTML1.git
   858deb0..44b145d  main -> main

AzureAD+SPSSE02MEN@DESKTOP-S95K8U0 MINGW64 /d/PYTHON DJANGO HOPES/github_cv_Mario_HTML1/cv_Mario_HTML1 (main)
$ git add .

AzureAD+SPSSE02MEN@DESKTOP-S95K8U0 MINGW64 /d/PYTHON DJANGO HOPES/github_cv_Mario_HTML1/cv_Mario_HTML1 (main)
$ git commit -m "seventh commit"
On branch main
Your branch is up to date with 'origin/main'.

nothing to commit, working tree clean

AzureAD+SPSSE02MEN@DESKTOP-S95K8U0 MINGW64 /d/PYTHON DJANGO HOPES/github_cv_Mario_HTML1/cv_Mario_HTML1 (main)
$ git push
Everything up-to-date

AzureAD+SPSSE02MEN@DESKTOP-S95K8U0 MINGW64 /d/PYTHON DJANGO HOPES/github_cv_Mario_HTML1/cv_Mario_HTML1 (main)
$ ^C

AzureAD+SPSSE02MEN@DESKTOP-S95K8U0 MINGW64 /d/PYTHON DJANGO HOPES/github_cv_Mario_HTML1/cv_Mario_HTML1 (main)
$ git add .

AzureAD+SPSSE02MEN@DESKTOP-S95K8U0 MINGW64 /d/PYTHON DJANGO HOPES/github_cv_Mario_HTML1/cv_Mario_HTML1 (main)
$ git commit -m "huitieme commit"
[main a12dc08] huitieme commit
 1 file changed, 38 insertions(+)

AzureAD+SPSSE02MEN@DESKTOP-S95K8U0 MINGW64 /d/PYTHON DJANGO HOPES/github_cv_Mario_HTML1/cv_Mario_HTML1 (main)
$ git push
Enumerating objects: 5, done.
Counting objects: 100% (5/5), done.
Delta compression using up to 4 threads
Compressing objects: 100% (3/3), done.
Writing objects: 100% (3/3), 452 bytes | 452.00 KiB/s, done.
Total 3 (delta 2), reused 0 (delta 0), pack-reused 0 (from 0)
remote: Resolving deltas: 100% (2/2), completed with 2 local objects.
To https://github.com/Mariogit20/cv_Mario_HTML1.git
   44b145d..a12dc08  main -> main

AzureAD+SPSSE02MEN@DESKTOP-S95K8U0 MINGW64 /d/PYTHON DJANGO HOPES/github_cv_Mario_HTML1/cv_Mario_HTML1 (main)
$ git add .

AzureAD+SPSSE02MEN@DESKTOP-S95K8U0 MINGW64 /d/PYTHON DJANGO HOPES/github_cv_Mario_HTML1/cv_Mario_HTML1 (main)
$ git commit -m "neuvieme commit"
On branch main
Your branch is up to date with 'origin/main'.

nothing to commit, working tree clean

AzureAD+SPSSE02MEN@DESKTOP-S95K8U0 MINGW64 /d/PYTHON DJANGO HOPES/github_cv_Mario_HTML1/cv_Mario_HTML1 (main)
$ git push
Everything up-to-date

AzureAD+SPSSE02MEN@DESKTOP-S95K8U0 MINGW64 /d/PYTHON DJANGO HOPES/github_cv_Mario_HTML1/cv_Mario_HTML1 (main)
$ git add .
warning: in the working copy of 'index.html', LF will be replaced by CRLF the next time Git touches it

AzureAD+SPSSE02MEN@DESKTOP-S95K8U0 MINGW64 /d/PYTHON DJANGO HOPES/github_cv_Mario_HTML1/cv_Mario_HTML1 (main)
$ git add .

AzureAD+SPSSE02MEN@DESKTOP-S95K8U0 MINGW64 /d/PYTHON DJANGO HOPES/github_cv_Mario_HTML1/cv_Mario_HTML1 (main)
$ git commit -m "dixieme commit"
[main ce9c026] dixieme commit
 2 files changed, 4 insertions(+)
 create mode 100644 image/Ordinateur.png

AzureAD+SPSSE02MEN@DESKTOP-S95K8U0 MINGW64 /d/PYTHON DJANGO HOPES/github_cv_Mario_HTML1/cv_Mario_HTML1 (main)
$ git push
Enumerating objects: 8, done.
Counting objects: 100% (8/8), done.
Delta compression using up to 4 threads
Compressing objects: 100% (5/5), done.
Writing objects: 100% (5/5), 62.93 KiB | 8.99 MiB/s, done.
Total 5 (delta 3), reused 0 (delta 0), pack-reused 0 (from 0)
remote: Resolving deltas: 100% (3/3), completed with 3 local objects.
To https://github.com/Mariogit20/cv_Mario_HTML1.git
   a12dc08..ce9c026  main -> main

AzureAD+SPSSE02MEN@DESKTOP-S95K8U0 MINGW64 /d/PYTHON DJANGO HOPES/github_cv_Mario_HTML1/cv_Mario_HTML1 (main)
$ git branch Test

AzureAD+SPSSE02MEN@DESKTOP-S95K8U0 MINGW64 /d/PYTHON DJANGO HOPES/github_cv_Mario_HTML1/cv_Mario_HTML1 (main)
$ git checkout Test
Switched to branch 'Test'

AzureAD+SPSSE02MEN@DESKTOP-S95K8U0 MINGW64 /d/PYTHON DJANGO HOPES/github_cv_Mario_HTML1/cv_Mario_HTML1 (Test)
$ git push --set-upstream origin Test
Total 0 (delta 0), reused 0 (delta 0), pack-reused 0 (from 0)
remote:
remote: Create a pull request for 'Test' on GitHub by visiting:
remote:      https://github.com/Mariogit20/cv_Mario_HTML1/pull/new/Test
remote:
To https://github.com/Mariogit20/cv_Mario_HTML1.git
 * [new branch]      Test -> Test
branch 'Test' set up to track 'origin/Test'.
g
AzureAD+SPSSE02MEN@DESKTOP-S95K8U0 MINGW64 /d/PYTHON DJANGO HOPES/github_cv_Mario_HTML1/cv_Mario_HTML1 (Test)
$ git checkout Test
Already on 'Test'
Your branch is up to date with 'origin/Test'.

AzureAD+SPSSE02MEN@DESKTOP-S95K8U0 MINGW64 /d/PYTHON DJANGO HOPES/github_cv_Mario_HTML1/cv_Mario_HTML1 (Test)
$ git merge main
Already up to date.

AzureAD+SPSSE02MEN@DESKTOP-S95K8U0 MINGW64 /d/PYTHON DJANGO HOPES/github_cv_Mario_HTML1/cv_Mario_HTML1 (Test)
$ git config --global http.postBuffer 2048576000

AzureAD+SPSSE02MEN@DESKTOP-S95K8U0 MINGW64 /d/PYTHON DJANGO HOPES/github_cv_Mario_HTML1/cv_Mario_HTML1 (Test)
$ git push
Everything up-to-date

AzureAD+SPSSE02MEN@DESKTOP-S95K8U0 MINGW64 /d/PYTHON DJANGO HOPES/github_cv_Mario_HTML1/cv_Mario_HTML1 (Test)
$ git checkout main
Switched to branch 'main'
Your branch is up to date with 'origin/main'.

AzureAD+SPSSE02MEN@DESKTOP-S95K8U0 MINGW64 /d/PYTHON DJANGO HOPES/github_cv_Mario_HTML1/cv_Mario_HTML1 (main)
$ ^C

AzureAD+SPSSE02MEN@DESKTOP-S95K8U0 MINGW64 /d/PYTHON DJANGO HOPES/github_cv_Mario_HTML1/cv_Mario_HTML1 (main)
$ git add .

AzureAD+SPSSE02MEN@DESKTOP-S95K8U0 MINGW64 /d/PYTHON DJANGO HOPES/github_cv_Mario_HTML1/cv_Mario_HTML1 (main)
$ git commit -m "onzieme commit"
[main c397d0a] onzieme commit
 1 file changed, 101 insertions(+)

AzureAD+SPSSE02MEN@DESKTOP-S95K8U0 MINGW64 /d/PYTHON DJANGO HOPES/github_cv_Mario_HTML1/cv_Mario_HTML1 (main)
$ git config --global http.postBuffer 2048576000

AzureAD+SPSSE02MEN@DESKTOP-S95K8U0 MINGW64 /d/PYTHON DJANGO HOPES/github_cv_Mario_HTML1/cv_Mario_HTML1 (main)
$ git push
Enumerating objects: 5, done.
Counting objects: 100% (5/5), done.
Delta compression using up to 4 threads
Compressing objects: 100% (3/3), done.
Writing objects: 100% (3/3), 903 bytes | 903.00 KiB/s, done.
Total 3 (delta 2), reused 0 (delta 0), pack-reused 0 (from 0)
remote: Resolving deltas: 100% (2/2), completed with 2 local objects.
To https://github.com/Mariogit20/cv_Mario_HTML1.git
   ce9c026..c397d0a  main -> main

AzureAD+SPSSE02MEN@DESKTOP-S95K8U0 MINGW64 /d/PYTHON DJANGO HOPES/github_cv_Mario_HTML1/cv_Mario_HTML1 (main)
$
